A51 MACRO ASSEMBLER  PARKHAUS                                                             03/22/2018 08:41:35 PAGE     1


MACRO ASSEMBLER A51 V8.02b
OBJECT MODULE PLACED IN parkhaus.OBJ
ASSEMBLER INVOKED BY: C:\Keil\C51\BIN\A51.EXE parkhaus.a51 SET(SMALL) DEBUG EP

LOC  OBJ            LINE     SOURCE

0000                   1     deklaration:
                       2     
  0090                 3     port equ p1
  0095                 4     schrankeRein equ port.5
  0096                 5     schrankeRaus equ port.6
  0097                 6     ampel equ port.7
  REG                  7     zaehler equ r7
  REG                  8     zeit equ r6
                       9     
0000 020015           10     ljmp init
                      11     
0003                  12     org 03h
0003 8022             13     jmp in
                      14     
0013                  15     org 13h
0013 8023             16     jmp out
                      17     
0015                  18     init:
                      19     
0015 7F1F             20             mov zaehler,#31
0017 8F90             21             mov port,zaehler
0019 D2AF             22             setb EA
001B D2A8             23             setb EX0 ;Interrupt P3.2 aktiviert und Modus auf 1
001D D288             24             setb IT0 
001F D2AA             25             setb EX1 ;Interrupt P3.3 aktiviert und Modus auf 1
0021 D28A             26             setb IT1 
0023 D297             27             setb ampel
                      28             
0025                  29     start:
                      30     
0025 80FE             31     jmp start
                      32     
0027                  33     in: ;Auto fährt rein ins Parkhaus
0027 D2B2             34             setb p3.2
0029 EF               35             mov a,zaehler 
002A B40001           36             cjne a,#0,weiterIn
002D 32               37             reti
002E                  38             weiterIn:
002E D295             39             setb schrankeRein
0030 1F               40             dec zaehler
0031 1151             41             call anzeige
0033 1147             42             call ausgabe
0035 C295             43             clr schrankeRein
0037 32               44             reti
                      45     
0038                  46     out:;Auto fährt raus aus dem Parkhaus
0038 D2B3             47             setb p3.3
003A EF               48             mov a,zaehler
003B B41F01           49             cjne a,#31,weiterOut
003E 32               50             reti
003F                  51             weiterOut:
003F D296             52             setb schrankeRaus
0041 0F               53             inc zaehler
0042 1151             54             call anzeige
0044 C296             55             clr schrankeRaus
0046 32               56             reti
                      57             
0047                  58     ausgabe: ;Die Ampel steurung
A51 MACRO ASSEMBLER  PARKHAUS                                                             03/22/2018 08:41:35 PAGE     2

0047 EF               59             mov a,zaehler
0048 B40003           60             cjne a,#0,AmpelAn
004B C297             61             clr ampel
004D 22               62             ret
004E                  63             AmpelAn:
004E D297             64             setb ampel
0050 22               65             ret
                      66     
0051                  67     anzeige: ;Die Zahl auf der Anzeige ausgeben
0051 E590             68             mov a,port
0053 54E0             69             anl a,#11100000b
0055 4F               70             orl a,zaehler
0056 F590             71             mov port,a
0058                  72     zeitver:
0058 DEFE             73             djnz zeit,zeitver
005A 22               74             ret
                      75     
                      76     end
                             
                                     
A51 MACRO ASSEMBLER  PARKHAUS                                                             03/22/2018 08:41:35 PAGE     3

SYMBOL TABLE LISTING
------ ----- -------


N A M E             T Y P E  V A L U E   ATTRIBUTES

AMPEL. . . . . . .  B ADDR   0090H.7 A   
AMPELAN. . . . . .  C ADDR   004EH   A   
ANZEIGE. . . . . .  C ADDR   0051H   A   
AUSGABE. . . . . .  C ADDR   0047H   A   
DEKLARATION. . . .  C ADDR   0000H   A   
EA . . . . . . . .  B ADDR   00A8H.7 A   
EX0. . . . . . . .  B ADDR   00A8H.0 A   
EX1. . . . . . . .  B ADDR   00A8H.2 A   
IN . . . . . . . .  C ADDR   0027H   A   
INIT . . . . . . .  C ADDR   0015H   A   
IT0. . . . . . . .  B ADDR   0088H.0 A   
IT1. . . . . . . .  B ADDR   0088H.2 A   
OUT. . . . . . . .  C ADDR   0038H   A   
P1 . . . . . . . .  D ADDR   0090H   A   
P3 . . . . . . . .  D ADDR   00B0H   A   
PORT . . . . . . .  D ADDR   0090H   A   
SCHRANKERAUS . . .  B ADDR   0090H.6 A   
SCHRANKEREIN . . .  B ADDR   0090H.5 A   
START. . . . . . .  C ADDR   0025H   A   
WEITERIN . . . . .  C ADDR   002EH   A   
WEITEROUT. . . . .  C ADDR   003FH   A   
ZAEHLER. . . . . .    REG    R7          
ZEIT . . . . . . .    REG    R6          
ZEITVER. . . . . .  C ADDR   0058H   A   


REGISTER BANK(S) USED: 0 


ASSEMBLY COMPLETE.  0 WARNING(S), 0 ERROR(S)
