A51 MACRO ASSEMBLER  TIMER                                                                04/19/2018 09:05:23 PAGE     1


MACRO ASSEMBLER A51 V8.02b
OBJECT MODULE PLACED IN Timer.OBJ
ASSEMBLER INVOKED BY: C:\Keil\C51\BIN\A51.EXE Timer.a51 SET(SMALL) DEBUG EP

LOC  OBJ            LINE     SOURCE

  0090                 1     anz0 equ p1.0
  0091                 2     anz1 equ p1.1
  REG                  3     counter equ r7
  REG                  4     counter1 equ r6
  REG                  5     counter2 equ r3
  REG                  6     zeitv1 equ r5
  REG                  7     zeitv2 equ r4
                       8     
                       9     
0000 801B             10             jmp start
000B                  11             org 0bh 
000B 8033             12             jmp interrupt0
001B                  13             org 1bh
001B 8031             14             jmp interrupt1
                      15     
001D                  16     Start:
                      17             
001D 7FA7             18             mov counter,#167
001F 7B00             19             mov counter2,#0
0021 7D00             20             mov zeitv1,#0
0023 7C00             21             mov zeitv2,#0
0025 758912           22             mov TMOD,#00010010b
0028 D2AF             23             setb ea
002A D2AB             24             setb et1
002C D2A9             25             setb et0
002E 758BB0           26             mov tl1,#0B0h
0031 758D3C           27             mov th1,#3Ch
0034 758A06           28             mov tl0,#6
0037 758C06           29             mov th0,#6
003A D28C             30             setb tr0
003C D28E             31             setb tr1
                      32             
003E                  33     Loop:
003E 80FE             34             jmp loop
                      35             
0040                  36     interrupt0:
0040 DF0B             37             djnz counter,return
0042 7FA7             38             mov counter,#167
0044 0B               39             inc counter2
0045 EB               40             mov a,counter2
0046 B40404           41             cjne a,#4,return
0049 7B00             42             mov counter2,#0
004B B290             43             cpl anz0
004D                  44     return:
004D 32               45             reti
                      46     
004E                  47     interrupt1:
004E 758BB0           48             mov tl1,#0B0h
0051 758D3C           49             mov th1,#3Ch
0054 0E               50             inc counter1
0055 EE               51             mov a,counter1
0056 B40AF4           52             cjne a,#10,return
0059 7E00             53             mov counter1,#0
005B B291             54             cpl anz1
005D 32               55             reti
*** WARNING #A41 IN 55 (Timer.a51, LINE 55): MISSING 'END' STATEMENT
A51 MACRO ASSEMBLER  TIMER                                                                04/19/2018 09:05:23 PAGE     2

SYMBOL TABLE LISTING
------ ----- -------


N A M E             T Y P E  V A L U E   ATTRIBUTES

ANZ0 . . . . . . .  B ADDR   0090H.0 A   
ANZ1 . . . . . . .  B ADDR   0090H.1 A   
COUNTER. . . . . .    REG    R7          
COUNTER1 . . . . .    REG    R6          
COUNTER2 . . . . .    REG    R3          
EA . . . . . . . .  B ADDR   00A8H.7 A   
ET0. . . . . . . .  B ADDR   00A8H.1 A   
ET1. . . . . . . .  B ADDR   00A8H.3 A   
INTERRUPT0 . . . .  C ADDR   0040H   A   
INTERRUPT1 . . . .  C ADDR   004EH   A   
LOOP . . . . . . .  C ADDR   003EH   A   
P1 . . . . . . . .  D ADDR   0090H   A   
RETURN . . . . . .  C ADDR   004DH   A   
START. . . . . . .  C ADDR   001DH   A   
TH0. . . . . . . .  D ADDR   008CH   A   
TH1. . . . . . . .  D ADDR   008DH   A   
TL0. . . . . . . .  D ADDR   008AH   A   
TL1. . . . . . . .  D ADDR   008BH   A   
TMOD . . . . . . .  D ADDR   0089H   A   
TR0. . . . . . . .  B ADDR   0088H.4 A   
TR1. . . . . . . .  B ADDR   0088H.6 A   
ZEITV1 . . . . . .    REG    R5          
ZEITV2 . . . . . .    REG    R4          


REGISTER BANK(S) USED: 0 


ASSEMBLY COMPLETE.  1 WARNING(S), 0 ERROR(S)
