A51 MACRO ASSEMBLER  PROJEKT03                                                            04/25/2018 14:45:31 PAGE     1


MACRO ASSEMBLER A51 V8.02b
OBJECT MODULE PLACED IN projekt03.OBJ
ASSEMBLER INVOKED BY: C:\Keil\C51\BIN\A51.EXE projekt03.a51 SET(SMALL) DEBUG EP

LOC  OBJ            LINE     SOURCE

  REG                  1     ziffer0 equ r5
  REG                  2     ziffer1 equ r4
                       3     
0000 8003              4     jmp init
                       5     
001B                   6     org 1bh 
001B 80FD              7     jmp IR
                       8     
0013                   9     org 13h
0013 8016             10     jmp ir1
                      11     
0003                  12     org 03h
0003 803C             13     jmp ir2
                      14     
0005                  15     init:
                      16     
0005 758910           17             mov tmod ,#00010000b
0008 758DD8           18             mov th1,#0d8h
000B 758BF0           19             mov tl1,#0f0h
000E D2AB             20             setb et1
0010 D2AA             21             setb ex1
0012 D2A8             22             setb ex0
0014 D288             23             setb it0
0016 D2AF             24             setb ea
                      25                     
0018                  26     main:
                      27     
0018 80FE             28             jmp main
                      29             
001A                  30     IR:
001A 758BE4           31             mov tl1,#0e4h
001D 758DD8           32             mov th1,#0d8h
0020 0D               33             inc ziffer0
0021 0F               34             inc r7
0022 EF               35             mov A,R7
0023 940A             36             subb A,#10
0025 7003             37             jnz return
0027 7F00             38             mov r7,#0
0029 0C               39             inc ziffer1
002A                  40             return:
002A 32               41             reti
                      42             
002B                  43     ir1:
002B B2B7             44             cpl p3.7
002D 20B702           45             jb p3.7,sprung
0030 D28E             46             setb tr1
0032                  47             sprung:
0032 C28E             48             clr tr1
0034 758DD8           49             mov th1,#0d8h
0037 758BF0           50             mov tl1,#0f0h
003A 7D00             51             mov ziffer0,#0
003C 7C00             52             mov ziffer1,#0
003E 7F00             53             mov r7,#0
0040 32               54             reti
                      55     
0041                  56     ir2:
*** WARNING #A41 IN 56 (projekt03.a51, LINE 56): MISSING 'END' STATEMENT
A51 MACRO ASSEMBLER  PROJEKT03                                                            04/25/2018 14:45:31 PAGE     2

SYMBOL TABLE LISTING
------ ----- -------


N A M E             T Y P E  V A L U E   ATTRIBUTES

EA . . . . . . . .  B ADDR   00A8H.7 A   
ET1. . . . . . . .  B ADDR   00A8H.3 A   
EX0. . . . . . . .  B ADDR   00A8H.0 A   
EX1. . . . . . . .  B ADDR   00A8H.2 A   
INIT . . . . . . .  C ADDR   0005H   A   
IR . . . . . . . .  C ADDR   001AH   A   
IR1. . . . . . . .  C ADDR   002BH   A   
IR2. . . . . . . .  C ADDR   0041H   A   
IT0. . . . . . . .  B ADDR   0088H.0 A   
MAIN . . . . . . .  C ADDR   0018H   A   
P3 . . . . . . . .  D ADDR   00B0H   A   
RETURN . . . . . .  C ADDR   002AH   A   
SPRUNG . . . . . .  C ADDR   0032H   A   
TH1. . . . . . . .  D ADDR   008DH   A   
TL1. . . . . . . .  D ADDR   008BH   A   
TMOD . . . . . . .  D ADDR   0089H   A   
TR1. . . . . . . .  B ADDR   0088H.6 A   
ZIFFER0. . . . . .    REG    R5          
ZIFFER1. . . . . .    REG    R4          


REGISTER BANK(S) USED: 0 


ASSEMBLY COMPLETE.  1 WARNING(S), 0 ERROR(S)
